// 同步 ID: 630a27c8 @ Wed Jul 22 18:49:02 UTC 2026
// 同步 ID: 1ab6faef @ Fri Jul 24 15:52:55 UTC 2026
// 同步 ID: 2bee1b47 @ Sat Jul 25 20:27:05 UTC 2026
// 同步 ID: 06c5299b @ Sun Jul 26 00:21:09 UTC 2026
// 重构日志: dbb1ac5d
// 同步 ID: b7c6da42 @ Tue Jul 28 17:07:12 UTC 2026
// 同步 ID: 6a924712 @ Wed Jul 29 01:38:58 UTC 2026
// 同步 ID: 75ad987c @ Wed Jul 29 08:14:46 UTC 2026
// 同步 ID: 92e73f62 @ Thu Jul 30 01:55:13 UTC 2026
// 同步 ID: 692b1cd1 @ Thu Jul 30 07:49:35 UTC 2026
// 重构日志: e408982a
// 同步 ID: 97589e18 @ Thu Jul 30 17:32:42 UTC 2026
// 重构日志: e6e4fee5
// 重构日志: b2798c43
// 重构日志: f55d0479
// 重构日志: feb74afc
// 重构日志: f2bc3557
// 同步 ID: ece756fe @ Sun Aug  2 10:47:32 UTC 2026
// 同步 ID: 99034f80 @ Sun Aug  2 12:35:16 UTC 2026
// 重构日志: b775679f
// 同步 ID: 5ad173f2 @ Mon Aug  3 09:28:16 UTC 2026
// 重构日志: dba5979a
// 同步 ID: 97e8f45b @ Fri Aug  7 10:03:42 UTC 2026
// 同步 ID: f1775776 @ Fri Aug  7 12:00:51 UTC 2026
// 同步 ID: b0fba029 @ Fri Aug  7 13:06:03 UTC 2026
// 重构日志: e6417ab4
// 重构日志: 12e5443d
// 重构日志: 29eb83bf
// 同步 ID: 50f737eb @ Sat Aug  8 11:37:48 UTC 2026
// 同步 ID: 93499a6d @ Sat Aug  8 14:30:46 UTC 2026
